Please input a, b
gcd(a,b)=197
lcm(a,b):
2128329688
